rec is 00000000ffffffff
rec is 00000001ffffffff
rec is 00000002ffffffff
rec is 00000003ffffffff
rec is 00000004ffffffff
rec is 00000005ffffffff
rec is 00000006ffffffff
rec is 00000007ffffffff
rec is 00000008ffffffff
rec is 00000009ffffffff
