vec is 00000000ffffffff
vec is 00000001ffffffff
vec is 00000002ffffffff
vec is 00000003ffffffff
vec is 00000004ffffffff
vec is 00000005ffffffff
vec is 00000006ffffffff
vec is 00000007ffffffff
vec is 00000008ffffffff
vec is 00000009ffffffff
