data at          0 =          0          0
data at          1 =          5          5
data at          2 =          5          5
data at          3 =          5          5
data at          4 =          5          5
data at          5 =          5          5
data at          6 =          5          5
data at          7 =          5          5
data at          8 =          5          5
data at          9 =          5          5
data at         10 =          5          5
data at         11 =          5          5
data at         12 =          5          5
data at         13 =          5          5
data at         14 =          5          5
data at         15 =          5          5
data at         16 =          5          5
data at         17 =          5          5
data at         18 =          5          5
data at         19 =          5          5
data at         20 =          5          5
data at         21 =          5          5
data at         22 =          5          5
data at         23 =          5          5
data at         24 =          5          5
data at         25 =          5          5
data at         26 =          5          5
data at         27 =          5          5
data at         28 =          5          5
data at         29 =          5          5
data at         30 =          5          5
data at         31 =          5          5
data at          0 =          0          0
data at          1 =      10101      10101
data at          2 =      10202      10202
data at          3 =      10303      10303
data at          4 =      10404      10404
data at          5 =      10505      10505
data at          6 =      10606      10606
data at          7 =      10707      10707
data at          8 =      10808      10808
data at          9 =      10909      10909
data at         10 =      11010      11010
data at         11 =      11111      11111
data at         12 =      11212      11212
data at         13 =      11313      11313
data at         14 =      11414      11414
data at         15 =      11515      11515
data at         16 =      11616      11616
data at         17 =      11717      11717
data at         18 =      11818      11818
data at         19 =      11919      11919
data at         20 =      12020      12020
data at         21 =      12121      12121
data at         22 =      12222      12222
data at         23 =      12323      12323
data at         24 =      12424      12424
data at         25 =      12525      12525
data at         26 =      12626      12626
data at         27 =      12727      12727
data at         28 =      12828      12828
data at         29 =      12929      12929
data at         30 =      13030      13030
data at         31 =      13131      13131
