checking package dependencies
compiling Bug353_Pat_BSV_Constr.bsv
Error: "Bug353_Pat_BSV_Constr.bsv", line 16, column 12: (T0151)
  Constructor `Foo' for type `Bug353_Type::Foo' does not have named fields.
