Counter incremented by 2 at time 15
Pulse c: 0
Pulse b sent at 25
Pulse c sent at time 25
Counter incremented by 2 at time 35
Pulse c: 0
Pulse b sent at 45
Pulse c sent at time 45
Counter incremented by 2 at time 55
