=== Generated schedule for mkTest ===

Rule schedule
-------------
Rule: r
Predicate: f.i_notFull
Blocking rules: (none)
 
Logical execution order: r

======================================
