mkPragmas_0: 00
mkPragmas_1: 03
mkPragmas_2: 08
mkPragmas_3: 0d
