v1[0] -> 1
v1[1] -> 0
v1[2] -> 1
v1[3] -> 1
v2[0] ->   7
v2[1] ->  32
v3[0] -> 0
v3[1] -> 1
v3[2] -> 1
v4[0] ->  3
